P 289 290
P 342 541
E -150284.5 32215.5 150915.5 -31384.5
