P 103 200
P 193 64
P 193 370
P 283 200
E -101852.0 54285.0 193.0 261.1764705882353
E -81452.0 -53868.0 193.0 161.7794117647063
E 193.0 161.7794117647063 193.0 261.1764705882353
E 193.0 161.7794117647063 81838.0 -53868.0
E 193.0 261.1764705882353 102238.0 54285.0
