P 233 276
P 330 229
P 331 179
P 432 275
E -57918.0 -58572.5 257.2905475744392 202.53581095149804
E 257.2905475744392 202.53581095149804 332.9176750216076 358.61732929991354
E 257.2905475744392 202.53581095149804 402.0021375825854 205.43004275166095
E 332.9176750216076 358.61732929991354 402.0021375825854 205.43004275166095
E 332.9176750216076 358.61732929991354 932.5 119675.5
E 402.0021375825854 205.43004275166095 57981.5 -60373.0
