P 75 75
P 147 187
P 167 167
P 250 250
E -67089.0 43331.0 111.0 131.0
E -37601.5 62018.5 198.5 218.5
E 111.0 131.0 198.5 218.5
E 111.0 131.0 55321.0 -55079.0
E 198.5 218.5 50008.5 -49591.5
