P 50 200
P 100 100
P 100 200
P 150 200
E -59925.0 -29850.0 75.0 150.0
E 75.0 150.0 75.0 30200.0
E 75.0 150.0 125.0 150.0
E 125.0 150.0 125.0 30200.0
E 125.0 150.0 60125.0 -29850.0
