P 11 590
P 99 68
P 123 456
P 213 478
P 234 77
E -313145.0 -52471.0 -220.7187178608001 282.51868357902276
E -220.7187178608001 282.51868357902276 139.4987606719924 583.5959790691195
E -220.7187178608001 282.51868357902276 154.04416839200948 259.337474120086
E 139.4987606719924 583.5959790691195 214.43822499452835 277.02544320420225
E 139.4987606719924 583.5959790691195 67312.0 121734.0
E 154.04416839200948 259.337474120086 214.43822499452835 277.02544320420225
E 154.04416839200948 259.337474120086 5566.5 -80927.5
E 214.43822499452835 277.02544320420225 240823.5 12877.5
