P 1 1
P 120 459
P 123 456
P 400 100
P 456 123
E -274739.5 71630.0 -71.66117850953205 264.3388214904679
E -71.66117850953205 264.3388214904679 163.05786082246289 201.4031669882679
E -71.66117850953205 264.3388214904679 1921.5 2257.5
E 163.05786082246289 201.4031669882679 335.8544303797468 335.8544303797469
E 163.05786082246289 201.4031669882679 59600.5 -239349.5
E 335.8544303797468 335.8544303797469 14228.0 -33488.5
E 335.8544303797468 335.8544303797469 200089.5 200089.5
