P 34 90
P 77 111
P 79 34
P 432 453
P 567 234
E -217567.0 239071.5 -328.8715349606951 887.5464763480899
E -33543.5 -26938.0 69.2849686847732 72.27363555022646
E -328.8715349606951 887.5464763480899 69.2849686847732 72.27363555022646
E -328.8715349606951 887.5464763480899 308.6130855828669 225.8299842634088
E 69.2849686847732 72.27363555022646 345.35885822626005 79.44438592792721
E 308.6130855828669 225.8299842634088 345.35885822626005 79.44438592792721
E 308.6130855828669 225.8299842634088 131899.5 81343.5
E 345.35885822626005 79.44438592792721 120323.0 -292666.0
