P 12 89
P 23 400
P 124 592
P 131 11
P 312 12
P 543 212
E -186582.5 6844.5 194.875207964913 238.22627881796043
E -115126.5 61096.0 307.2388494294646 373.0436260813767
E -46728.5 -71350.0 194.875207964913 238.22627881796043
E 194.875207964913 238.22627881796043 220.20851000468005 245.25968915291014
E 220.20851000468005 245.25968915291014 276.08778522400166 286.8811080662708
E 220.20851000468005 245.25968915291014 821.5 -108588.5
E 276.08778522400166 286.8811080662708 307.2388494294646 373.0436260813767
E 276.08778522400166 286.8811080662708 120427.5 -138488.0
E 307.2388494294646 373.0436260813767 228333.5 251802.0
