P 200 200
P 300 200
P 400 200
E 250.0 -59800.0 250.0 60200.0
E 350.0 -59800.0 350.0 60200.0
