P 200 200
P 200 300
P 200 400
E -59800.0 250.0 60200.0 250.0
E -59800.0 350.0 60200.0 350.0
