P 200 200
P 200 300
P 300 200
E -59800.0 250.0 250.0 250.0
E 250.0 -59800.0 250.0 250.0
E 250.0 250.0 60250.0 60250.0
