P 147 190
P 164 361
P 283 233
E -102444.5 10475.5 196.03895671476138 271.46981132075473
E 196.03895671476138 271.46981132075473 26015.0 -81388.5
E 196.03895671476138 271.46981132075473 77023.5 71697.0
