P 233 263
P 345 197
P 398 93
E -101684.5 -98822.0 182.00306748466258 48.42944785276073
E 182.00306748466258 48.42944785276073 39889.0 67430.0
E 182.00306748466258 48.42944785276073 62771.5 31945.0
