P 10 20
P 20 40
P 200 400
E -215890.0 108220.0 216110.0 -107780.0
E -11985.0 6030.0 12015.0 -5970.0
