P 4 1
P 100 25
P 400 100
E -44750.0 180062.5 45250.0 -179937.5
E -14348.0 57613.0 14452.0 -57587.0
