P 100 100
P 100 200
P 200 100
P 200 200
E -59900.0 150.0 150.0 150.0
E 150.0 -59900.0 150.0 150.0
E 150.0 150.0 150.0 60200.0
E 150.0 150.0 60200.0 150.0
